9 ADDED ['Capacity=32 GB'] 
10 ADDED [] 
11 NEEDS_DECISION ['Length=20CM'] 
12 ADDED ['Resistance=600PCS bags'] 
13 ADDED ['Color=Male Black'] 
14 ADDED ['Color=Female Black'] 
15 ADDED ['Color=micro usb', 'Length=1m'] 
16 ADDED ['Color=type-c', 'Length=1m'] 
17 ADDED ['Color=Type-C USB'] 
18 ADDED ['Color=Red with box'] 
19 ADDED [] 
20 ADDED ['Capacitance=960pcs-with box'] 
21 ADDED ['Voltage=24Values-840pcs'] 
22 ADDED [] 
23 ADDED ['Color=350pcs-box'] 
24 ADDED ['Color=White 2pcs'] 
25 NEEDS_DECISION [] 
26 NEEDS_DECISION [] 
27 ADDED ['Color=2 Channel 5V'] 
28 NEEDS_DECISION ['Size=50pieces'] 
29 ADDED ['Color=5mm 100pcs'] 
30 ERROR None TimeoutError: Locator.click: Timeout 30000ms exceeded.
Call log:
  - waiting for locator("button:has-text(\"Add to cart\"), button[class*=\"addcart\"]").first

31 ADDED [] 
32 NEEDS_DECISION [] 
33 NEEDS_DECISION [] 
34 NEEDS_DECISION [] 
35 NEEDS_DECISION [] 
36 NEEDS_DECISION ['Power (W)=US Plug'] 
